================================
PBS jobid : 885014.pbshpc
workdir   : /home/maths/btech/mt1230785/scratch/col775_a2_hpc
Thu Apr 23 05:29:49 IST 2026
================================
[cleanfid] placed Inception weights at /tmp/inception-2015-12-05.pt
Thu Apr 23 05:30:04 2026       
+-----------------------------------------------------------------------------------------+
| NVIDIA-SMI 550.90.07              Driver Version: 550.90.07      CUDA Version: 12.4     |
|-----------------------------------------+------------------------+----------------------+
| GPU  Name                 Persistence-M | Bus-Id          Disp.A | Volatile Uncorr. ECC |
| Fan  Temp   Perf          Pwr:Usage/Cap |           Memory-Usage | GPU-Util  Compute M. |
|                                         |                        |               MIG M. |
|=========================================+========================+======================|
|   0  NVIDIA A100-PCIE-40GB          Off |   00000000:2B:00.0 Off |                    0 |
| N/A   37C    P0             44W /  250W |       1MiB /  40960MiB |      5%      Default |
|                                         |                        |             Disabled |
+-----------------------------------------+------------------------+----------------------+
                                                                                         
+-----------------------------------------------------------------------------------------+
| Processes:                                                                              |
|  GPU   GI   CI        PID   Type   Process name                              GPU Memory |
|        ID   ID                                                               Usage      |
|=========================================================================================|
|  No running processes found                                                             |
+-----------------------------------------------------------------------------------------+
[data] reconstructing 10000 val images @ 128
[recon] 1280/10000
[recon] 2560/10000
[recon] 3840/10000
[recon] 5120/10000
[recon] 6400/10000
[recon] 7680/10000
[recon] 8960/10000
[recon] 10000/10000
compute FID between two folders
Found 10000 images in the folder /home/maths/btech/mt1230785/scratch/col775_a2_hpc/samples/real_val_128
Found 10000 images in the folder /home/maths/btech/mt1230785/scratch/col775_a2_hpc/samples/vae_recon_val
[fid] VAE recon vs. val  FID = 4.808
[done] VAE FID evaluation complete
================================
exit code : 0
Thu Apr 23 05:43:55 IST 2026
================================
