================================
PBS jobid : 884012.pbshpc
node list : aice007.hpc.iitd.ac.in
workdir   : /home/maths/btech/mt1230785/scratch/col775_a2_hpc
Wed Apr 22 16:19:28 IST 2026
================================
Wed Apr 22 16:19:46 2026       
+-----------------------------------------------------------------------------------------+
| NVIDIA-SMI 550.90.07              Driver Version: 550.90.07      CUDA Version: 12.4     |
|-----------------------------------------+------------------------+----------------------+
| GPU  Name                 Persistence-M | Bus-Id          Disp.A | Volatile Uncorr. ECC |
| Fan  Temp   Perf          Pwr:Usage/Cap |           Memory-Usage | GPU-Util  Compute M. |
|                                         |                        |               MIG M. |
|=========================================+========================+======================|
|   0  NVIDIA A100-PCIE-40GB          Off |   00000000:2B:00.0 Off |                    0 |
| N/A   37C    P0             43W /  250W |       1MiB /  40960MiB |      4%      Default |
|                                         |                        |             Disabled |
+-----------------------------------------+------------------------+----------------------+
                                                                                         
+-----------------------------------------------------------------------------------------+
| Processes:                                                                              |
|  GPU   GI   CI        PID   Type   Process name                              GPU Memory |
|        ID   ID                                                               Usage      |
|=========================================================================================|
|  No running processes found                                                             |
+-----------------------------------------------------------------------------------------+
[tokenizer] built vocab_size=36 ctx=64
[data] 100032 images, 99468 unique captions
[data] steps/epoch=194  total_steps=19400  warmup=194
[resume] no checkpoint found, training from scratch
ep   0  it    50/194  loss 5.3970  lr 1.29e-04  τ^-1 14.30
ep   0  it   100/194  loss 4.8140  lr 2.58e-04  τ^-1 14.35
ep   0  it   150/194  loss 4.0440  lr 3.87e-04  τ^-1 14.62
[epoch 0] avg_loss=3.5076  lr=5.00e-04  τ^-1=14.98  time=2.2 min
ep   1  it    50/194  loss 1.0049  lr 5.00e-04  τ^-1 15.48
ep   1  it   100/194  loss 0.8544  lr 5.00e-04  τ^-1 15.94
ep   1  it   150/194  loss 0.7560  lr 5.00e-04  τ^-1 16.38
[epoch 1] avg_loss=0.6864  lr=5.00e-04  τ^-1=16.75  time=1.9 min
ep   2  it    50/194  loss 0.3061  lr 5.00e-04  τ^-1 17.18
ep   2  it   100/194  loss 0.2818  lr 5.00e-04  τ^-1 17.60
ep   2  it   150/194  loss 0.2538  lr 5.00e-04  τ^-1 18.03
[epoch 2] avg_loss=0.2325  lr=4.99e-04  τ^-1=18.43  time=1.9 min
ep   3  it    50/194  loss 0.1284  lr 4.99e-04  τ^-1 18.86
ep   3  it   100/194  loss 0.1097  lr 4.99e-04  τ^-1 19.30
ep   3  it   150/194  loss 0.1013  lr 4.99e-04  τ^-1 19.74
[epoch 3] avg_loss=0.0947  lr=4.99e-04  τ^-1=20.13  time=1.9 min
ep   4  it    50/194  loss 0.0619  lr 4.99e-04  τ^-1 20.58
ep   4  it   100/194  loss 0.0597  lr 4.98e-04  τ^-1 21.03
ep   4  it   150/194  loss 0.0574  lr 4.98e-04  τ^-1 21.50
[epoch 4] avg_loss=0.0539  lr=4.98e-04  τ^-1=21.89  time=1.9 min
ep   5  it    50/194  loss 0.0501  lr 4.98e-04  τ^-1 22.40
ep   5  it   100/194  loss 0.0437  lr 4.97e-04  τ^-1 22.89
ep   5  it   150/194  loss 0.0417  lr 4.97e-04  τ^-1 23.42
[epoch 5] avg_loss=0.0392  lr=4.97e-04  τ^-1=23.87  time=1.9 min
ep   6  it    50/194  loss 0.0350  lr 4.97e-04  τ^-1 24.41
ep   6  it   100/194  loss 0.0331  lr 4.96e-04  τ^-1 24.98
ep   6  it   150/194  loss 0.0333  lr 4.96e-04  τ^-1 25.56
[epoch 6] avg_loss=0.0326  lr=4.95e-04  τ^-1=26.07  time=1.9 min
ep   7  it    50/194  loss 0.0285  lr 4.95e-04  τ^-1 26.64
ep   7  it   100/194  loss 0.0277  lr 4.95e-04  τ^-1 27.23
ep   7  it   150/194  loss 0.0282  lr 4.94e-04  τ^-1 27.86
[epoch 7] avg_loss=0.0278  lr=4.94e-04  τ^-1=28.43  time=1.9 min
ep   8  it    50/194  loss 0.0253  lr 4.93e-04  τ^-1 29.06
ep   8  it   100/194  loss 0.0279  lr 4.93e-04  τ^-1 29.75
ep   8  it   150/194  loss 0.0264  lr 4.92e-04  τ^-1 30.38
[epoch 8] avg_loss=0.0248  lr=4.92e-04  τ^-1=30.95  time=1.8 min
ep   9  it    50/194  loss 0.0235  lr 4.91e-04  τ^-1 31.62
ep   9  it   100/194  loss 0.0229  lr 4.91e-04  τ^-1 32.30
ep   9  it   150/194  loss 0.0248  lr 4.90e-04  τ^-1 33.05
[epoch 9] avg_loss=0.0249  lr=4.90e-04  τ^-1=33.73  time=1.9 min
ep  10  it    50/194  loss 0.0222  lr 4.89e-04  τ^-1 34.42
ep  10  it   100/194  loss 0.0234  lr 4.89e-04  τ^-1 35.11
ep  10  it   150/194  loss 0.0247  lr 4.88e-04  τ^-1 35.87
[epoch 10] avg_loss=0.0234  lr=4.88e-04  τ^-1=36.49  time=1.8 min
ep  11  it    50/194  loss 0.0199  lr 4.87e-04  τ^-1 37.23
ep  11  it   100/194  loss 0.0211  lr 4.86e-04  τ^-1 37.93
ep  11  it   150/194  loss 0.0229  lr 4.86e-04  τ^-1 38.51
[epoch 11] avg_loss=0.0232  lr=4.85e-04  τ^-1=39.13  time=2.0 min
ep  12  it    50/194  loss 0.0219  lr 4.84e-04  τ^-1 39.85
ep  12  it   100/194  loss 0.0209  lr 4.83e-04  τ^-1 40.61
ep  12  it   150/194  loss 0.0218  lr 4.83e-04  τ^-1 41.20
[epoch 12] avg_loss=0.0216  lr=4.82e-04  τ^-1=41.76  time=1.9 min
ep  13  it    50/194  loss 0.0199  lr 4.81e-04  τ^-1 42.29
ep  13  it   100/194  loss 0.0197  lr 4.81e-04  τ^-1 42.85
ep  13  it   150/194  loss 0.0194  lr 4.80e-04  τ^-1 43.40
[epoch 13] avg_loss=0.0200  lr=4.79e-04  τ^-1=43.84  time=1.9 min
ep  14  it    50/194  loss 0.0220  lr 4.78e-04  τ^-1 44.48
ep  14  it   100/194  loss 0.0196  lr 4.77e-04  τ^-1 45.22
ep  14  it   150/194  loss 0.0183  lr 4.76e-04  τ^-1 45.86
[epoch 14] avg_loss=0.0196  lr=4.76e-04  τ^-1=46.16  time=1.8 min
ep  15  it    50/194  loss 0.0160  lr 4.75e-04  τ^-1 46.70
ep  15  it   100/194  loss 0.0178  lr 4.74e-04  τ^-1 47.22
ep  15  it   150/194  loss 0.0189  lr 4.73e-04  τ^-1 47.39
[epoch 15] avg_loss=0.0190  lr=4.72e-04  τ^-1=47.68  time=1.8 min
ep  16  it    50/194  loss 0.0191  lr 4.71e-04  τ^-1 47.99
ep  16  it   100/194  loss 0.0187  lr 4.70e-04  τ^-1 48.38
ep  16  it   150/194  loss 0.0170  lr 4.69e-04  τ^-1 49.06
[epoch 16] avg_loss=0.0172  lr=4.68e-04  τ^-1=49.47  time=1.7 min
ep  17  it    50/194  loss 0.0175  lr 4.67e-04  τ^-1 49.76
ep  17  it   100/194  loss 0.0195  lr 4.66e-04  τ^-1 50.00
ep  17  it   150/194  loss 0.0177  lr 4.65e-04  τ^-1 50.65
[epoch 17] avg_loss=0.0178  lr=4.64e-04  τ^-1=50.89  time=1.9 min
ep  18  it    50/194  loss 0.0140  lr 4.63e-04  τ^-1 51.30
ep  18  it   100/194  loss 0.0143  lr 4.62e-04  τ^-1 51.91
ep  18  it   150/194  loss 0.0154  lr 4.61e-04  τ^-1 52.14
[epoch 18] avg_loss=0.0156  lr=4.60e-04  τ^-1=52.34  time=1.9 min
ep  19  it    50/194  loss 0.0135  lr 4.59e-04  τ^-1 52.77
ep  19  it   100/194  loss 0.0168  lr 4.58e-04  τ^-1 52.76
ep  19  it   150/194  loss 0.0166  lr 4.57e-04  τ^-1 52.96
[epoch 19] avg_loss=0.0162  lr=4.56e-04  τ^-1=53.16  time=1.8 min
ep  20  it    50/194  loss 0.0166  lr 4.55e-04  τ^-1 53.34
ep  20  it   100/194  loss 0.0147  lr 4.54e-04  τ^-1 53.77
ep  20  it   150/194  loss 0.0148  lr 4.52e-04  τ^-1 53.79
[epoch 20] avg_loss=0.0148  lr=4.51e-04  τ^-1=54.12  time=1.8 min
ep  21  it    50/194  loss 0.0159  lr 4.50e-04  τ^-1 54.22
ep  21  it   100/194  loss 0.0162  lr 4.49e-04  τ^-1 54.12
ep  21  it   150/194  loss 0.0166  lr 4.48e-04  τ^-1 54.09
[epoch 21] avg_loss=0.0154  lr=4.47e-04  τ^-1=54.54  time=1.8 min
ep  22  it    50/194  loss 0.0111  lr 4.45e-04  τ^-1 55.07
ep  22  it   100/194  loss 0.0119  lr 4.44e-04  τ^-1 55.40
ep  22  it   150/194  loss 0.0132  lr 4.43e-04  τ^-1 55.57
[epoch 22] avg_loss=0.0134  lr=4.42e-04  τ^-1=55.56  time=1.9 min
ep  23  it    50/194  loss 0.0119  lr 4.40e-04  τ^-1 56.05
ep  23  it   100/194  loss 0.0134  lr 4.39e-04  τ^-1 56.22
ep  23  it   150/194  loss 0.0137  lr 4.38e-04  τ^-1 56.36
[epoch 23] avg_loss=0.0139  lr=4.36e-04  τ^-1=56.32  time=1.9 min
ep  24  it    50/194  loss 0.0165  lr 4.35e-04  τ^-1 56.21
ep  24  it   100/194  loss 0.0155  lr 4.34e-04  τ^-1 56.32
ep  24  it   150/194  loss 0.0146  lr 4.32e-04  τ^-1 56.50
[epoch 24] avg_loss=0.0145  lr=4.31e-04  τ^-1=56.55  time=1.8 min
ep  25  it    50/194  loss 0.0138  lr 4.30e-04  τ^-1 56.67
ep  25  it   100/194  loss 0.0143  lr 4.28e-04  τ^-1 56.68
ep  25  it   150/194  loss 0.0130  lr 4.27e-04  τ^-1 56.96
[epoch 25] avg_loss=0.0124  lr=4.25e-04  τ^-1=57.43  time=1.9 min
ep  26  it    50/194  loss 0.0117  lr 4.24e-04  τ^-1 57.77
ep  26  it   100/194  loss 0.0121  lr 4.22e-04  τ^-1 57.79
ep  26  it   150/194  loss 0.0133  lr 4.21e-04  τ^-1 57.47
[epoch 26] avg_loss=0.0134  lr=4.20e-04  τ^-1=57.39  time=1.9 min
ep  27  it    50/194  loss 0.0115  lr 4.18e-04  τ^-1 57.57
ep  27  it   100/194  loss 0.0106  lr 4.17e-04  τ^-1 57.73
ep  27  it   150/194  loss 0.0116  lr 4.15e-04  τ^-1 57.64
[epoch 27] avg_loss=0.0110  lr=4.14e-04  τ^-1=57.99  time=2.0 min
ep  28  it    50/194  loss 0.0099  lr 4.12e-04  τ^-1 58.18
ep  28  it   100/194  loss 0.0099  lr 4.11e-04  τ^-1 58.54
ep  28  it   150/194  loss 0.0112  lr 4.09e-04  τ^-1 58.42
[epoch 28] avg_loss=0.0117  lr=4.08e-04  τ^-1=58.31  time=1.9 min
ep  29  it    50/194  loss 0.0104  lr 4.06e-04  τ^-1 58.47
ep  29  it   100/194  loss 0.0103  lr 4.04e-04  τ^-1 58.79
ep  29  it   150/194  loss 0.0107  lr 4.03e-04  τ^-1 58.93
[epoch 29] avg_loss=0.0104  lr=4.01e-04  τ^-1=59.07  time=1.9 min
ep  30  it    50/194  loss 0.0114  lr 4.00e-04  τ^-1 59.14
ep  30  it   100/194  loss 0.0121  lr 3.98e-04  τ^-1 59.10
ep  30  it   150/194  loss 0.0119  lr 3.96e-04  τ^-1 58.97
[epoch 30] avg_loss=0.0117  lr=3.95e-04  τ^-1=59.00  time=2.1 min
ep  31  it    50/194  loss 0.0098  lr 3.93e-04  τ^-1 59.15
ep  31  it   100/194  loss 0.0093  lr 3.92e-04  τ^-1 59.20
ep  31  it   150/194  loss 0.0094  lr 3.90e-04  τ^-1 59.29
[epoch 31] avg_loss=0.0093  lr=3.88e-04  τ^-1=59.43  time=1.9 min
ep  32  it    50/194  loss 0.0090  lr 3.87e-04  τ^-1 59.69
ep  32  it   100/194  loss 0.0098  lr 3.85e-04  τ^-1 59.88
ep  32  it   150/194  loss 0.0095  lr 3.83e-04  τ^-1 60.01
[epoch 32] avg_loss=0.0095  lr=3.82e-04  τ^-1=60.08  time=2.0 min
ep  33  it    50/194  loss 0.0103  lr 3.80e-04  τ^-1 60.02
ep  33  it   100/194  loss 0.0098  lr 3.78e-04  τ^-1 60.18
ep  33  it   150/194  loss 0.0097  lr 3.77e-04  τ^-1 60.11
[epoch 33] avg_loss=0.0100  lr=3.75e-04  τ^-1=60.12  time=1.9 min
ep  34  it    50/194  loss 0.0096  lr 3.73e-04  τ^-1 60.22
ep  34  it   100/194  loss 0.0100  lr 3.71e-04  τ^-1 60.10
ep  34  it   150/194  loss 0.0100  lr 3.70e-04  τ^-1 60.11
[epoch 34] avg_loss=0.0095  lr=3.68e-04  τ^-1=60.33  time=2.0 min
ep  35  it    50/194  loss 0.0084  lr 3.66e-04  τ^-1 60.66
ep  35  it   100/194  loss 0.0088  lr 3.64e-04  τ^-1 60.84
ep  35  it   150/194  loss 0.0088  lr 3.63e-04  τ^-1 60.90
[epoch 35] avg_loss=0.0089  lr=3.61e-04  τ^-1=60.92  time=1.9 min
ep  36  it    50/194  loss 0.0074  lr 3.59e-04  τ^-1 61.09
ep  36  it   100/194  loss 0.0086  lr 3.57e-04  τ^-1 61.10
ep  36  it   150/194  loss 0.0087  lr 3.55e-04  τ^-1 61.09
[epoch 36] avg_loss=0.0086  lr=3.54e-04  τ^-1=61.29  time=1.9 min
ep  37  it    50/194  loss 0.0084  lr 3.52e-04  τ^-1 61.25
ep  37  it   100/194  loss 0.0087  lr 3.50e-04  τ^-1 61.29
ep  37  it   150/194  loss 0.0099  lr 3.48e-04  τ^-1 60.95
[epoch 37] avg_loss=0.0094  lr=3.47e-04  τ^-1=60.97  time=1.9 min
ep  38  it    50/194  loss 0.0066  lr 3.45e-04  τ^-1 61.17
ep  38  it   100/194  loss 0.0065  lr 3.43e-04  τ^-1 61.43
ep  38  it   150/194  loss 0.0075  lr 3.41e-04  τ^-1 61.44
[epoch 38] avg_loss=0.0080  lr=3.39e-04  τ^-1=61.41  time=1.9 min
ep  39  it    50/194  loss 0.0064  lr 3.37e-04  τ^-1 61.60
ep  39  it   100/194  loss 0.0081  lr 3.35e-04  τ^-1 61.42
ep  39  it   150/194  loss 0.0085  lr 3.33e-04  τ^-1 61.40
[epoch 39] avg_loss=0.0085  lr=3.32e-04  τ^-1=61.32  time=2.1 min
ep  40  it    50/194  loss 0.0078  lr 3.30e-04  τ^-1 61.35
ep  40  it   100/194  loss 0.0071  lr 3.28e-04  τ^-1 61.69
ep  40  it   150/194  loss 0.0071  lr 3.26e-04  τ^-1 61.79
[epoch 40] avg_loss=0.0075  lr=3.24e-04  τ^-1=61.79  time=1.9 min
ep  41  it    50/194  loss 0.0060  lr 3.22e-04  τ^-1 62.12
ep  41  it   100/194  loss 0.0059  lr 3.20e-04  τ^-1 62.46
ep  41  it   150/194  loss 0.0060  lr 3.18e-04  τ^-1 62.65
[epoch 41] avg_loss=0.0066  lr=3.17e-04  τ^-1=62.68  time=1.9 min
ep  42  it    50/194  loss 0.0106  lr 3.15e-04  τ^-1 62.47
ep  42  it   100/194  loss 0.0089  lr 3.13e-04  τ^-1 62.40
ep  42  it   150/194  loss 0.0081  lr 3.11e-04  τ^-1 62.63
[epoch 42] avg_loss=0.0077  lr=3.09e-04  τ^-1=62.89  time=1.9 min
ep  43  it    50/194  loss 0.0078  lr 3.07e-04  τ^-1 62.92
ep  43  it   100/194  loss 0.0086  lr 3.05e-04  τ^-1 62.74
ep  43  it   150/194  loss 0.0080  lr 3.03e-04  τ^-1 62.82
[epoch 43] avg_loss=0.0076  lr=3.01e-04  τ^-1=62.92  time=1.9 min
ep  44  it    50/194  loss 0.0066  lr 2.99e-04  τ^-1 63.04
ep  44  it   100/194  loss 0.0075  lr 2.97e-04  τ^-1 62.87
ep  44  it   150/194  loss 0.0068  lr 2.95e-04  τ^-1 63.06
[epoch 44] avg_loss=0.0067  lr=2.93e-04  τ^-1=63.18  time=1.9 min
ep  45  it    50/194  loss 0.0072  lr 2.91e-04  τ^-1 63.18
ep  45  it   100/194  loss 0.0067  lr 2.89e-04  τ^-1 63.36
ep  45  it   150/194  loss 0.0067  lr 2.87e-04  τ^-1 63.46
[epoch 45] avg_loss=0.0067  lr=2.86e-04  τ^-1=63.54  time=1.9 min
ep  46  it    50/194  loss 0.0050  lr 2.84e-04  τ^-1 63.79
ep  46  it   100/194  loss 0.0050  lr 2.82e-04  τ^-1 64.13
ep  46  it   150/194  loss 0.0056  lr 2.79e-04  τ^-1 64.14
[epoch 46] avg_loss=0.0061  lr=2.78e-04  τ^-1=64.03  time=1.9 min
ep  47  it    50/194  loss 0.0050  lr 2.76e-04  τ^-1 64.10
ep  47  it   100/194  loss 0.0056  lr 2.74e-04  τ^-1 64.02
ep  47  it   150/194  loss 0.0054  lr 2.72e-04  τ^-1 64.20
[epoch 47] avg_loss=0.0055  lr=2.70e-04  τ^-1=64.35  time=2.0 min
ep  48  it    50/194  loss 0.0068  lr 2.68e-04  τ^-1 64.38
ep  48  it   100/194  loss 0.0060  lr 2.66e-04  τ^-1 64.69
ep  48  it   150/194  loss 0.0063  lr 2.64e-04  τ^-1 64.66
[epoch 48] avg_loss=0.0060  lr=2.62e-04  τ^-1=64.67  time=2.0 min
ep  49  it    50/194  loss 0.0059  lr 2.60e-04  τ^-1 64.76
ep  49  it   100/194  loss 0.0054  lr 2.58e-04  τ^-1 64.86
ep  49  it   150/194  loss 0.0054  lr 2.56e-04  τ^-1 64.92
[epoch 49] avg_loss=0.0053  lr=2.54e-04  τ^-1=65.05  time=2.0 min
ep  50  it    50/194  loss 0.0053  lr 2.52e-04  τ^-1 65.15
ep  50  it   100/194  loss 0.0050  lr 2.50e-04  τ^-1 65.40
ep  50  it   150/194  loss 0.0051  lr 2.48e-04  τ^-1 65.48
[epoch 50] avg_loss=0.0050  lr=2.46e-04  τ^-1=65.56  time=1.9 min
ep  51  it    50/194  loss 0.0046  lr 2.44e-04  τ^-1 65.75
ep  51  it   100/194  loss 0.0059  lr 2.42e-04  τ^-1 65.62
ep  51  it   150/194  loss 0.0062  lr 2.40e-04  τ^-1 65.47
[epoch 51] avg_loss=0.0060  lr=2.38e-04  τ^-1=65.51  time=1.9 min
ep  52  it    50/194  loss 0.0051  lr 2.36e-04  τ^-1 65.50
ep  52  it   100/194  loss 0.0055  lr 2.34e-04  τ^-1 65.49
ep  52  it   150/194  loss 0.0054  lr 2.32e-04  τ^-1 65.62
[epoch 52] avg_loss=0.0055  lr=2.30e-04  τ^-1=65.59  time=2.0 min
ep  53  it    50/194  loss 0.0054  lr 2.28e-04  τ^-1 65.59
ep  53  it   100/194  loss 0.0054  lr 2.26e-04  τ^-1 65.48
ep  53  it   150/194  loss 0.0051  lr 2.24e-04  τ^-1 65.44
[epoch 53] avg_loss=0.0049  lr=2.22e-04  τ^-1=65.54  time=1.9 min
ep  54  it    50/194  loss 0.0062  lr 2.20e-04  τ^-1 65.56
ep  54  it   100/194  loss 0.0049  lr 2.18e-04  τ^-1 65.63
ep  54  it   150/194  loss 0.0048  lr 2.16e-04  τ^-1 65.73
[epoch 54] avg_loss=0.0047  lr=2.14e-04  τ^-1=65.78  time=2.0 min
ep  55  it    50/194  loss 0.0043  lr 2.12e-04  τ^-1 65.96
ep  55  it   100/194  loss 0.0042  lr 2.10e-04  τ^-1 65.97
ep  55  it   150/194  loss 0.0042  lr 2.08e-04  τ^-1 66.17
[epoch 55] avg_loss=0.0040  lr=2.07e-04  τ^-1=66.28  time=2.0 min
ep  56  it    50/194  loss 0.0048  lr 2.05e-04  τ^-1 66.36
ep  56  it   100/194  loss 0.0049  lr 2.03e-04  τ^-1 66.40
ep  56  it   150/194  loss 0.0045  lr 2.01e-04  τ^-1 66.48
[epoch 56] avg_loss=0.0042  lr=1.99e-04  τ^-1=66.75  time=1.9 min
ep  57  it    50/194  loss 0.0037  lr 1.97e-04  τ^-1 66.87
ep  57  it   100/194  loss 0.0040  lr 1.95e-04  τ^-1 66.94
ep  57  it   150/194  loss 0.0042  lr 1.93e-04  τ^-1 66.95
[epoch 57] avg_loss=0.0040  lr=1.91e-04  τ^-1=67.15  time=1.9 min
ep  58  it    50/194  loss 0.0041  lr 1.89e-04  τ^-1 67.21
ep  58  it   100/194  loss 0.0042  lr 1.87e-04  τ^-1 67.23
ep  58  it   150/194  loss 0.0045  lr 1.85e-04  τ^-1 67.26
[epoch 58] avg_loss=0.0043  lr=1.83e-04  τ^-1=67.34  time=1.8 min
ep  59  it    50/194  loss 0.0034  lr 1.81e-04  τ^-1 67.39
ep  59  it   100/194  loss 0.0037  lr 1.79e-04  τ^-1 67.40
ep  59  it   150/194  loss 0.0041  lr 1.77e-04  τ^-1 67.42
[epoch 59] avg_loss=0.0042  lr=1.76e-04  τ^-1=67.34  time=2.2 min
ep  60  it    50/194  loss 0.0037  lr 1.74e-04  τ^-1 67.41
ep  60  it   100/194  loss 0.0037  lr 1.72e-04  τ^-1 67.48
ep  60  it   150/194  loss 0.0036  lr 1.70e-04  τ^-1 67.57
[epoch 60] avg_loss=0.0038  lr=1.68e-04  τ^-1=67.60  time=1.8 min
ep  61  it    50/194  loss 0.0034  lr 1.66e-04  τ^-1 67.69
ep  61  it   100/194  loss 0.0035  lr 1.64e-04  τ^-1 67.81
ep  61  it   150/194  loss 0.0036  lr 1.62e-04  τ^-1 67.79
[epoch 61] avg_loss=0.0035  lr=1.61e-04  τ^-1=67.86  time=1.9 min
ep  62  it    50/194  loss 0.0029  lr 1.59e-04  τ^-1 67.98
ep  62  it   100/194  loss 0.0032  lr 1.57e-04  τ^-1 68.12
ep  62  it   150/194  loss 0.0029  lr 1.55e-04  τ^-1 68.27
[epoch 62] avg_loss=0.0028  lr=1.53e-04  τ^-1=68.45  time=1.9 min
ep  63  it    50/194  loss 0.0041  lr 1.52e-04  τ^-1 68.47
ep  63  it   100/194  loss 0.0039  lr 1.50e-04  τ^-1 68.45
ep  63  it   150/194  loss 0.0035  lr 1.48e-04  τ^-1 68.56
[epoch 63] avg_loss=0.0035  lr=1.46e-04  τ^-1=68.58  time=1.9 min
ep  64  it    50/194  loss 0.0039  lr 1.44e-04  τ^-1 68.56
ep  64  it   100/194  loss 0.0033  lr 1.42e-04  τ^-1 68.69
ep  64  it   150/194  loss 0.0030  lr 1.41e-04  τ^-1 68.91
[epoch 64] avg_loss=0.0031  lr=1.39e-04  τ^-1=69.02  time=1.8 min
ep  65  it    50/194  loss 0.0029  lr 1.37e-04  τ^-1 69.01
ep  65  it   100/194  loss 0.0030  lr 1.35e-04  τ^-1 69.11
ep  65  it   150/194  loss 0.0030  lr 1.34e-04  τ^-1 69.21
[epoch 65] avg_loss=0.0031  lr=1.32e-04  τ^-1=69.21  time=1.8 min
ep  66  it    50/194  loss 0.0026  lr 1.30e-04  τ^-1 69.24
ep  66  it   100/194  loss 0.0027  lr 1.28e-04  τ^-1 69.30
ep  66  it   150/194  loss 0.0027  lr 1.27e-04  τ^-1 69.41
[epoch 66] avg_loss=0.0026  lr=1.25e-04  τ^-1=69.52  time=1.8 min
ep  67  it    50/194  loss 0.0023  lr 1.23e-04  τ^-1 69.71
ep  67  it   100/194  loss 0.0022  lr 1.21e-04  τ^-1 69.87
ep  67  it   150/194  loss 0.0021  lr 1.20e-04  τ^-1 70.02
[epoch 67] avg_loss=0.0025  lr=1.18e-04  τ^-1=69.98  time=1.9 min
ep  68  it    50/194  loss 0.0028  lr 1.16e-04  τ^-1 69.99
ep  68  it   100/194  loss 0.0026  lr 1.15e-04  τ^-1 70.10
ep  68  it   150/194  loss 0.0025  lr 1.13e-04  τ^-1 70.18
[epoch 68] avg_loss=0.0025  lr=1.12e-04  τ^-1=70.26  time=1.7 min
ep  69  it    50/194  loss 0.0027  lr 1.10e-04  τ^-1 70.33
ep  69  it   100/194  loss 0.0023  lr 1.08e-04  τ^-1 70.43
ep  69  it   150/194  loss 0.0022  lr 1.06e-04  τ^-1 70.58
[epoch 69] avg_loss=0.0023  lr=1.05e-04  τ^-1=70.58  time=1.9 min
ep  70  it    50/194  loss 0.0027  lr 1.03e-04  τ^-1 70.61
ep  70  it   100/194  loss 0.0023  lr 1.02e-04  τ^-1 70.69
ep  70  it   150/194  loss 0.0024  lr 1.00e-04  τ^-1 70.82
[epoch 70] avg_loss=0.0022  lr=9.86e-05  τ^-1=70.91  time=1.9 min
ep  71  it    50/194  loss 0.0027  lr 9.70e-05  τ^-1 70.94
ep  71  it   100/194  loss 0.0026  lr 9.54e-05  τ^-1 70.98
ep  71  it   150/194  loss 0.0026  lr 9.38e-05  τ^-1 71.05
[epoch 71] avg_loss=0.0025  lr=9.24e-05  τ^-1=71.09  time=1.9 min
ep  72  it    50/194  loss 0.0024  lr 9.08e-05  τ^-1 71.17
ep  72  it   100/194  loss 0.0023  lr 8.92e-05  τ^-1 71.19
ep  72  it   150/194  loss 0.0021  lr 8.76e-05  τ^-1 71.28
[epoch 72] avg_loss=0.0021  lr=8.63e-05  τ^-1=71.40  time=2.0 min
ep  73  it    50/194  loss 0.0022  lr 8.47e-05  τ^-1 71.43
ep  73  it   100/194  loss 0.0024  lr 8.32e-05  τ^-1 71.44
ep  73  it   150/194  loss 0.0021  lr 8.17e-05  τ^-1 71.50
[epoch 73] avg_loss=0.0022  lr=8.04e-05  τ^-1=71.53  time=1.9 min
ep  74  it    50/194  loss 0.0018  lr 7.89e-05  τ^-1 71.60
ep  74  it   100/194  loss 0.0018  lr 7.74e-05  τ^-1 71.66
ep  74  it   150/194  loss 0.0019  lr 7.59e-05  τ^-1 71.70
[epoch 74] avg_loss=0.0021  lr=7.46e-05  τ^-1=71.68  time=1.9 min
ep  75  it    50/194  loss 0.0014  lr 7.32e-05  τ^-1 71.76
ep  75  it   100/194  loss 0.0017  lr 7.17e-05  τ^-1 71.81
ep  75  it   150/194  loss 0.0017  lr 7.03e-05  τ^-1 71.87
[epoch 75] avg_loss=0.0017  lr=6.91e-05  τ^-1=71.92  time=1.9 min
ep  76  it    50/194  loss 0.0020  lr 6.77e-05  τ^-1 71.97
ep  76  it   100/194  loss 0.0019  lr 6.63e-05  τ^-1 72.02
ep  76  it   150/194  loss 0.0018  lr 6.49e-05  τ^-1 72.08
[epoch 76] avg_loss=0.0017  lr=6.37e-05  τ^-1=72.11  time=1.9 min
ep  77  it    50/194  loss 0.0017  lr 6.23e-05  τ^-1 72.16
ep  77  it   100/194  loss 0.0016  lr 6.10e-05  τ^-1 72.23
ep  77  it   150/194  loss 0.0014  lr 5.97e-05  τ^-1 72.37
[epoch 77] avg_loss=0.0014  lr=5.85e-05  τ^-1=72.40  time=1.9 min
ep  78  it    50/194  loss 0.0020  lr 5.72e-05  τ^-1 72.43
ep  78  it   100/194  loss 0.0019  lr 5.59e-05  τ^-1 72.43
ep  78  it   150/194  loss 0.0018  lr 5.46e-05  τ^-1 72.47
[epoch 78] avg_loss=0.0018  lr=5.35e-05  τ^-1=72.49  time=1.9 min
ep  79  it    50/194  loss 0.0014  lr 5.22e-05  τ^-1 72.52
ep  79  it   100/194  loss 0.0012  lr 5.10e-05  τ^-1 72.60
ep  79  it   150/194  loss 0.0012  lr 4.98e-05  τ^-1 72.68
[epoch 79] avg_loss=0.0013  lr=4.87e-05  τ^-1=72.72  time=1.9 min
ep  80  it    50/194  loss 0.0015  lr 4.75e-05  τ^-1 72.76
ep  80  it   100/194  loss 0.0016  lr 4.63e-05  τ^-1 72.81
ep  80  it   150/194  loss 0.0015  lr 4.51e-05  τ^-1 72.86
[epoch 80] avg_loss=0.0013  lr=4.41e-05  τ^-1=72.94  time=1.9 min
ep  81  it    50/194  loss 0.0014  lr 4.29e-05  τ^-1 72.99
ep  81  it   100/194  loss 0.0012  lr 4.18e-05  τ^-1 73.07
ep  81  it   150/194  loss 0.0015  lr 4.07e-05  τ^-1 73.09
[epoch 81] avg_loss=0.0014  lr=3.97e-05  τ^-1=73.11  time=1.9 min
ep  82  it    50/194  loss 0.0016  lr 3.86e-05  τ^-1 73.13
ep  82  it   100/194  loss 0.0013  lr 3.75e-05  τ^-1 73.18
ep  82  it   150/194  loss 0.0013  lr 3.64e-05  τ^-1 73.24
[epoch 82] avg_loss=0.0014  lr=3.55e-05  τ^-1=73.24  time=1.9 min
ep  83  it    50/194  loss 0.0013  lr 3.45e-05  τ^-1 73.28
ep  83  it   100/194  loss 0.0014  lr 3.34e-05  τ^-1 73.31
ep  83  it   150/194  loss 0.0015  lr 3.24e-05  τ^-1 73.30
[epoch 83] avg_loss=0.0014  lr=3.15e-05  τ^-1=73.32  time=1.8 min
ep  84  it    50/194  loss 0.0012  lr 3.06e-05  τ^-1 73.35
ep  84  it   100/194  loss 0.0011  lr 2.96e-05  τ^-1 73.38
ep  84  it   150/194  loss 0.0011  lr 2.86e-05  τ^-1 73.41
[epoch 84] avg_loss=0.0011  lr=2.78e-05  τ^-1=73.44  time=1.9 min
ep  85  it    50/194  loss 0.0011  lr 2.69e-05  τ^-1 73.49
ep  85  it   100/194  loss 0.0013  lr 2.59e-05  τ^-1 73.50
ep  85  it   150/194  loss 0.0014  lr 2.50e-05  τ^-1 73.52
[epoch 85] avg_loss=0.0013  lr=2.43e-05  τ^-1=73.55  time=1.9 min
ep  86  it    50/194  loss 0.0016  lr 2.34e-05  τ^-1 73.57
ep  86  it   100/194  loss 0.0011  lr 2.25e-05  τ^-1 73.60
ep  86  it   150/194  loss 0.0011  lr 2.17e-05  τ^-1 73.64
[epoch 86] avg_loss=0.0012  lr=2.10e-05  τ^-1=73.65  time=1.9 min
ep  87  it    50/194  loss 0.0010  lr 2.02e-05  τ^-1 73.67
ep  87  it   100/194  loss 0.0012  lr 1.94e-05  τ^-1 73.69
ep  87  it   150/194  loss 0.0012  lr 1.86e-05  τ^-1 73.70
[epoch 87] avg_loss=0.0013  lr=1.79e-05  τ^-1=73.71  time=1.9 min
ep  88  it    50/194  loss 0.0010  lr 1.72e-05  τ^-1 73.73
ep  88  it   100/194  loss 0.0010  lr 1.64e-05  τ^-1 73.76
ep  88  it   150/194  loss 0.0010  lr 1.57e-05  τ^-1 73.79
[epoch 88] avg_loss=0.0010  lr=1.51e-05  τ^-1=73.80  time=1.9 min
ep  89  it    50/194  loss 0.0011  lr 1.44e-05  τ^-1 73.82
ep  89  it   100/194  loss 0.0013  lr 1.37e-05  τ^-1 73.83
ep  89  it   150/194  loss 0.0013  lr 1.30e-05  τ^-1 73.83
[epoch 89] avg_loss=0.0012  lr=1.25e-05  τ^-1=73.84  time=1.9 min
ep  90  it    50/194  loss 0.0012  lr 1.19e-05  τ^-1 73.85
ep  90  it   100/194  loss 0.0013  lr 1.12e-05  τ^-1 73.85
ep  90  it   150/194  loss 0.0012  lr 1.06e-05  τ^-1 73.86
[epoch 90] avg_loss=0.0014  lr=1.01e-05  τ^-1=73.86  time=1.9 min
ep  91  it    50/194  loss 0.0010  lr 9.56e-06  τ^-1 73.87
ep  91  it   100/194  loss 0.0010  lr 9.01e-06  τ^-1 73.87
ep  91  it   150/194  loss 0.0011  lr 8.47e-06  τ^-1 73.88
[epoch 91] avg_loss=0.0011  lr=8.01e-06  τ^-1=73.88  time=1.8 min
ep  92  it    50/194  loss 0.0009  lr 7.51e-06  τ^-1 73.88
ep  92  it   100/194  loss 0.0008  lr 7.02e-06  τ^-1 73.89
ep  92  it   150/194  loss 0.0009  lr 6.55e-06  τ^-1 73.91
[epoch 92] avg_loss=0.0008  lr=6.14e-06  τ^-1=73.92  time=1.9 min
ep  93  it    50/194  loss 0.0009  lr 5.70e-06  τ^-1 73.93
ep  93  it   100/194  loss 0.0012  lr 5.27e-06  τ^-1 73.94
ep  93  it   150/194  loss 0.0011  lr 4.86e-06  τ^-1 73.94
[epoch 93] avg_loss=0.0010  lr=4.52e-06  τ^-1=73.95  time=1.9 min
ep  94  it    50/194  loss 0.0012  lr 4.14e-06  τ^-1 73.96
ep  94  it   100/194  loss 0.0010  lr 3.78e-06  τ^-1 73.96
ep  94  it   150/194  loss 0.0009  lr 3.43e-06  τ^-1 73.97
[epoch 94] avg_loss=0.0009  lr=3.14e-06  τ^-1=73.97  time=1.9 min
ep  95  it    50/194  loss 0.0010  lr 2.83e-06  τ^-1 73.97
ep  95  it   100/194  loss 0.0010  lr 2.53e-06  τ^-1 73.98
ep  95  it   150/194  loss 0.0010  lr 2.25e-06  τ^-1 73.98
[epoch 95] avg_loss=0.0010  lr=2.01e-06  τ^-1=73.98  time=1.9 min
ep  96  it    50/194  loss 0.0009  lr 1.76e-06  τ^-1 73.98
ep  96  it   100/194  loss 0.0008  lr 1.53e-06  τ^-1 73.99
ep  96  it   150/194  loss 0.0009  lr 1.31e-06  τ^-1 73.99
[epoch 96] avg_loss=0.0009  lr=1.13e-06  τ^-1=73.99  time=2.0 min
ep  97  it    50/194  loss 0.0009  lr 9.46e-07  τ^-1 73.99
ep  97  it   100/194  loss 0.0012  lr 7.77e-07  τ^-1 73.99
ep  97  it   150/194  loss 0.0011  lr 6.24e-07  τ^-1 73.99
[epoch 97] avg_loss=0.0010  lr=5.03e-07  τ^-1=73.99  time=1.9 min
ep  98  it    50/194  loss 0.0008  lr 3.82e-07  τ^-1 73.99
ep  98  it   100/194  loss 0.0010  lr 2.77e-07  τ^-1 73.99
ep  98  it   150/194  loss 0.0009  lr 1.89e-07  τ^-1 73.99
[epoch 98] avg_loss=0.0009  lr=1.26e-07  τ^-1=73.99  time=1.8 min
ep  99  it    50/194  loss 0.0009  lr 6.93e-08  τ^-1 73.99
ep  99  it   100/194  loss 0.0008  lr 2.96e-08  τ^-1 73.99
ep  99  it   150/194  loss 0.0009  lr 6.47e-09  τ^-1 73.99
[epoch 99] avg_loss=0.0009  lr=0.00e+00  τ^-1=73.99  time=1.9 min
[done] training complete.
================================
exit code : 0
Wed Apr 22 19:35:55 IST 2026
================================
